// Jest Snapshot v1, https://goo.gl/fbAQLP

exports[`ProgressBar component Matches the snapshot 1`] = `ShallowWrapper {}`;
