// Jest Snapshot v1, https://goo.gl/fbAQLP

exports[`TodoList component Matches the snapshot 1`] = `ShallowWrapper {}`;
